// Vitest Snapshot v1, https://vitest.dev/guide/snapshot.html

exports[`addSecretHandler > When called > when expireAfter is positive > Response body > should match snapshot 1`] = `
{
  "createdAt": 2009-02-13T23:31:30.123Z,
  "expireAfter": 3,
  "expireAfterViews": 5,
  "expiresAt": 2009-02-13T23:34:30.123Z,
  "hash": "2a133810adc5429b038e170ee75b0c1b51eb0bc48e66e52fc6199231175dabd6",
  "remainingViews": 5,
  "secretText": "ðŸ§‚",
}
`;

exports[`addSecretHandler > When called > when expireAfter is zero > Response body > should match snapshot 1`] = `
{
  "createdAt": 2009-02-13T23:31:30.123Z,
  "expireAfter": 3,
  "expireAfterViews": 5,
  "expiresAt": 2009-02-13T23:34:30.123Z,
  "hash": "2a133810adc5429b038e170ee75b0c1b51eb0bc48e66e52fc6199231175dabd6",
  "remainingViews": 5,
  "secretText": "ðŸ§‚",
}
`;
